// Vitest Snapshot v1

exports[`it tests Author listing > query is fetched 1`] = `<div />`;
